---
source: rusty-cdk/tests/snapshots.rs
expression: synthesized
---
{
  "Metadata": {
    "buck": "[S3Bucket]",
    "buckS3Policy": "[S3BucketPolicy]"
  },
  "Resources": {
    "[S3Bucket]": {
      "Properties": {
        "BucketName": "sams-great-website",
        "CorsConfiguration": {
          "CorsRules": [
            {
              "AllowedMethods": [
                "GET"
              ],
              "AllowedOrigins": [
                "*"
              ]
            }
          ]
        },
        "PublicAccessBlockConfiguration": {
          "BlockPublicAcls": true,
          "BlockPublicPolicy": false,
          "IgnorePublicAcls": true,
          "RestrictPublicBuckets": false
        },
        "WebsiteConfiguration": {
          "IndexDocument": "index.html"
        }
      },
      "Type": "AWS::S3::Bucket"
    },
    "[S3BucketPolicy]": {
      "Properties": {
        "Bucket": {
          "Ref": "[S3Bucket]"
        },
        "PolicyDocument": {
          "Statement": [
            {
              "Action": [
                "s3:GetObject"
              ],
              "Effect": "Allow",
              "Principal": "*",
              "Resource": [
                {
                  "Fn::Join": [
                    "",
                    [
                      {
                        "Fn::GetAtt": [
                          "[S3Bucket]",
                          "Arn"
                        ]
                      },
                      "/*"
                    ]
                  ]
                }
              ]
            }
          ],
          "Version": "2012-10-17"
        }
      },
      "Type": "AWS::S3::BucketPolicy"
    }
  }
}
