---
source: rusty-cdk/tests/snapshots.rs
expression: synthesized
---
{
  "Metadata": {
    "bucket": "[S3Bucket]"
  },
  "Resources": {
    "[S3Bucket]": {
      "DeletionPolicy": "Retain",
      "Properties": {
        "BucketEncryption": {
          "ServerSideEncryptionConfiguration": [
            {
              "ServerSideEncryptionByDefault": {
                "SSEAlgorithm": "AES256"
              }
            }
          ]
        },
        "LifecycleConfiguration": {
          "Rules": [
            {
              "Prefix": "/prefix",
              "Status": "Enabled",
              "Transitions": [
                {
                  "StorageClass": "GLACIER",
                  "TransitionInDays": 30
                }
              ]
            }
          ]
        }
      },
      "Type": "AWS::S3::Bucket",
      "UpdateReplacePolicy": "Retain"
    }
  }
}
